IN WINDOWS:
OracleXE112_Win64
On setup password will be used for SYS or SYSTEM

Connection Step: Open Run SQL Command Line
SQL*Plus: Release 11.2.0.2.0 Production on Wed Jan 9 09:00:25 2019
Copyright (c) 1982, 2014, Oracle.  All rights reserved.
SQL> connect
Enter user-name: sys
Enter password: 1
ERROR:
ORA-28009: connection as SYS should be as SYSDBA or SYSOPER
SQL> connect
Enter user-name: system
Enter password: 1
Connected.
SQL> disconnect
Disconnected from Oracle Database 11g Express Edition Release 11.2.0.2.0 - 64bit Production
SQL> connect /as sysdba
Connected.
SQL> connect SYSTEM/oracle
ERROR:
ORA-01017: invalid username/password; logon denied
-------------------------------------------------------------------------------------------------------
On GUI SQL Browser:
C:\oraclexe\app\oracle\product\11.2.0\server
Database_homepage
http://127.0.0.1:8080/htmldb
Get_Started
http://127.0.0.1:8080/apex/f?p=4950
http://localhost:8080/apex/f?p=4950
http://localhost:8080/apex/f?p=4950:7:389046019182245::NO:::
Application Express
Get started with Oracle Application Express.
Username: SYSTEM
Password: 1
Create new user & go ahead.
------------------------------------------------------------------------------------------------------------
Basic commands:
SELECT TO_CHAR(SYSDATE) Today FROM DUAL;
SELECT SYSDATE FROM DUAL;
SELECT username FROM  sys.all_users;
SELECT * FROM  user_tables;
-------------------------------------
create table teacher (t_no number, f_name varchar2(20), l_name varchar2(20), salary number, supervisor varchar2(30), joiningdate date,
birthdate date, title varchar2(20)) ;
insert into teacher values(1, 'San', 'Sarkar', 200000, 'M. John', '01/01/2020', '01/01/1993', 'Security Analyst');
select * from teacher;
DELETE FROM teacher WHERE t_no='1';


